
  .   ____          _            __ _ _
 /\\ / ___'_ __ _ _(_)_ __  __ _ \ \ \ \
( ( )\___ | '_ | '_| | '_ \/ _` | \ \ \ \
 \\/  ___)| |_)| | | | | || (_| |  ) ) ) )
  '  |____| .__|_| |_|_| |_\__, | / / / /
 =========|_|==============|___/=/_/_/_/
 :: Spring Boot ::                (v3.2.0)

2026-09-14T15:11:57.256+08:00  INFO 30520 --- [consultation-service] [           main] c.f.c.ConsultationApplication            : Starting ConsultationApplication v1.0.0 using Java 21.0.12 with PID 30520 (D:\FAZHITONG\backend\consultation-service\target\consultation-service-1.0.0.jar started by 刘子轩 in D:\FAZHITONG\backend\consultation-service)
2026-09-14T15:11:57.266+08:00  INFO 30520 --- [consultation-service] [           main] c.f.c.ConsultationApplication            : No active profile set, falling back to 1 default profile: "default"
2026-09-14T15:12:01.451+08:00  INFO 30520 --- [consultation-service] [           main] o.s.b.w.embedded.tomcat.TomcatWebServer  : Tomcat initialized with port 8084 (http)
2026-09-14T15:12:01.495+08:00  INFO 30520 --- [consultation-service] [           main] o.apache.catalina.core.StandardService   : Starting service [Tomcat]
2026-09-14T15:12:01.496+08:00  INFO 30520 --- [consultation-service] [           main] o.apache.catalina.core.StandardEngine    : Starting Servlet engine: [Apache Tomcat/10.1.16]
2026-09-14T15:12:01.753+08:00  INFO 30520 --- [consultation-service] [           main] o.a.c.c.C.[Tomcat].[localhost].[/]       : Initializing Spring embedded WebApplicationContext
2026-09-14T15:12:01.756+08:00  INFO 30520 --- [consultation-service] [           main] w.s.c.ServletWebServerApplicationContext : Root WebApplicationContext: initialization completed in 4220 ms
Logging initialized using 'class org.apache.ibatis.logging.stdout.StdOutImpl' adapter.
Initialization Sequence datacenterId:0 workerId:6
 _ _   |_  _ _|_. ___ _ |    _ 
| | |\/|_)(_| | |_\  |_)||_|_\ 
     /               |         
                        3.5.5 
2026-09-14T15:12:05.412+08:00  INFO 30520 --- [consultation-service] [           main] o.s.b.w.embedded.tomcat.TomcatWebServer  : Tomcat started on port 8084 (http) with context path ''
2026-09-14T15:12:05.430+08:00  INFO 30520 --- [consultation-service] [           main] c.f.c.ConsultationApplication            : Started ConsultationApplication in 9.327 seconds (process running for 10.12)
