
  .   ____          _            __ _ _
 /\\ / ___'_ __ _ _(_)_ __  __ _ \ \ \ \
( ( )\___ | '_ | '_| | '_ \/ _` | \ \ \ \
 \\/  ___)| |_)| | | | | || (_| |  ) ) ) )
  '  |____| .__|_| |_|_| |_\__, | / / / /
 =========|_|==============|___/=/_/_/_/
 :: Spring Boot ::                (v3.2.0)

2026-09-14T15:11:58.363+08:00  INFO 13424 --- [case-service] [           main] com.fazhitong.casemgt.CaseApplication    : Starting CaseApplication v1.0.0 using Java 21.0.12 with PID 13424 (D:\FAZHITONG\backend\case-service\target\case-service-1.0.0.jar started by 刘子轩 in D:\FAZHITONG\backend\case-service)
2026-09-14T15:11:58.375+08:00  INFO 13424 --- [case-service] [           main] com.fazhitong.casemgt.CaseApplication    : No active profile set, falling back to 1 default profile: "default"
2026-09-14T15:12:02.867+08:00  INFO 13424 --- [case-service] [           main] o.s.b.w.embedded.tomcat.TomcatWebServer  : Tomcat initialized with port 8086 (http)
2026-09-14T15:12:02.899+08:00  INFO 13424 --- [case-service] [           main] o.apache.catalina.core.StandardService   : Starting service [Tomcat]
2026-09-14T15:12:02.899+08:00  INFO 13424 --- [case-service] [           main] o.apache.catalina.core.StandardEngine    : Starting Servlet engine: [Apache Tomcat/10.1.16]
2026-09-14T15:12:03.026+08:00  INFO 13424 --- [case-service] [           main] o.a.c.c.C.[Tomcat].[localhost].[/]       : Initializing Spring embedded WebApplicationContext
2026-09-14T15:12:03.031+08:00  INFO 13424 --- [case-service] [           main] w.s.c.ServletWebServerApplicationContext : Root WebApplicationContext: initialization completed in 4397 ms
Logging initialized using 'class org.apache.ibatis.logging.stdout.StdOutImpl' adapter.
Initialization Sequence datacenterId:0 workerId:4
 _ _   |_  _ _|_. ___ _ |    _ 
| | |\/|_)(_| | |_\  |_)||_|_\ 
     /               |         
                        3.5.5 
2026-09-14T15:12:05.825+08:00  INFO 13424 --- [case-service] [           main] o.s.b.w.embedded.tomcat.TomcatWebServer  : Tomcat started on port 8086 (http) with context path ''
2026-09-14T15:12:05.834+08:00  INFO 13424 --- [case-service] [           main] com.fazhitong.casemgt.CaseApplication    : Started CaseApplication in 8.893 seconds (process running for 9.906)
