
  .   ____          _            __ _ _
 /\\ / ___'_ __ _ _(_)_ __  __ _ \ \ \ \
( ( )\___ | '_ | '_| | '_ \/ _` | \ \ \ \
 \\/  ___)| |_)| | | | | || (_| |  ) ) ) )
  '  |____| .__|_| |_|_| |_\__, | / / / /
 =========|_|==============|___/=/_/_/_/
 :: Spring Boot ::                (v3.2.0)

2026-09-14T15:11:57.759+08:00  INFO 34976 --- [contract-service] [           main] c.f.contract.ContractApplication         : Starting ContractApplication v1.0.0 using Java 21.0.12 with PID 34976 (D:\FAZHITONG\backend\contract-service\target\contract-service-1.0.0.jar started by 刘子轩 in D:\FAZHITONG\backend\contract-service)
2026-09-14T15:11:57.769+08:00  INFO 34976 --- [contract-service] [           main] c.f.contract.ContractApplication         : No active profile set, falling back to 1 default profile: "default"
2026-09-14T15:12:02.034+08:00  INFO 34976 --- [contract-service] [           main] o.s.b.w.embedded.tomcat.TomcatWebServer  : Tomcat initialized with port 8085 (http)
2026-09-14T15:12:02.065+08:00  INFO 34976 --- [contract-service] [           main] o.apache.catalina.core.StandardService   : Starting service [Tomcat]
2026-09-14T15:12:02.067+08:00  INFO 34976 --- [contract-service] [           main] o.apache.catalina.core.StandardEngine    : Starting Servlet engine: [Apache Tomcat/10.1.16]
2026-09-14T15:12:02.221+08:00  INFO 34976 --- [contract-service] [           main] o.a.c.c.C.[Tomcat].[localhost].[/]       : Initializing Spring embedded WebApplicationContext
2026-09-14T15:12:02.223+08:00  INFO 34976 --- [contract-service] [           main] w.s.c.ServletWebServerApplicationContext : Root WebApplicationContext: initialization completed in 4240 ms
Logging initialized using 'class org.apache.ibatis.logging.stdout.StdOutImpl' adapter.
Initialization Sequence datacenterId:0 workerId:7
 _ _   |_  _ _|_. ___ _ |    _ 
| | |\/|_)(_| | |_\  |_)||_|_\ 
     /               |         
                        3.5.5 
2026-09-14T15:12:05.733+08:00  INFO 34976 --- [contract-service] [           main] o.s.b.w.embedded.tomcat.TomcatWebServer  : Tomcat started on port 8085 (http) with context path ''
2026-09-14T15:12:05.748+08:00  INFO 34976 --- [contract-service] [           main] c.f.contract.ContractApplication         : Started ContractApplication in 9.269 seconds (process running for 10.146)
