
  .   ____          _            __ _ _
 /\\ / ___'_ __ _ _(_)_ __  __ _ \ \ \ \
( ( )\___ | '_ | '_| | '_ \/ _` | \ \ \ \
 \\/  ___)| |_)| | | | | || (_| |  ) ) ) )
  '  |____| .__|_| |_|_| |_\__, | / / / /
 =========|_|==============|___/=/_/_/_/
 :: Spring Boot ::                (v3.2.0)

2026-09-14T15:11:56.741+08:00  INFO 11540 --- [document-service] [           main] c.f.document.DocumentApplication         : Starting DocumentApplication v1.0.0 using Java 21.0.12 with PID 11540 (D:\FAZHITONG\backend\document-service\target\document-service-1.0.0.jar started by 刘子轩 in D:\FAZHITONG\backend\document-service)
2026-09-14T15:11:56.749+08:00  INFO 11540 --- [document-service] [           main] c.f.document.DocumentApplication         : No active profile set, falling back to 1 default profile: "default"
2026-09-14T15:12:00.623+08:00  INFO 11540 --- [document-service] [           main] o.s.b.w.embedded.tomcat.TomcatWebServer  : Tomcat initialized with port 8083 (http)
2026-09-14T15:12:00.647+08:00  INFO 11540 --- [document-service] [           main] o.apache.catalina.core.StandardService   : Starting service [Tomcat]
2026-09-14T15:12:00.648+08:00  INFO 11540 --- [document-service] [           main] o.apache.catalina.core.StandardEngine    : Starting Servlet engine: [Apache Tomcat/10.1.16]
2026-09-14T15:12:00.778+08:00  INFO 11540 --- [document-service] [           main] o.a.c.c.C.[Tomcat].[localhost].[/]       : Initializing Spring embedded WebApplicationContext
2026-09-14T15:12:00.781+08:00  INFO 11540 --- [document-service] [           main] w.s.c.ServletWebServerApplicationContext : Root WebApplicationContext: initialization completed in 3872 ms
Logging initialized using 'class org.apache.ibatis.logging.stdout.StdOutImpl' adapter.
Initialization Sequence datacenterId:0 workerId:1
 _ _   |_  _ _|_. ___ _ |    _ 
| | |\/|_)(_| | |_\  |_)||_|_\ 
     /               |         
                        3.5.5 
2026-09-14T15:12:04.334+08:00  INFO 11540 --- [document-service] [           main] o.s.b.w.embedded.tomcat.TomcatWebServer  : Tomcat started on port 8083 (http) with context path ''
2026-09-14T15:12:04.348+08:00  INFO 11540 --- [document-service] [           main] c.f.document.DocumentApplication         : Started DocumentApplication in 8.596 seconds (process running for 9.312)
